≡ƒÜÇ Starting Comprehensive Test of ALL 300 RawrZ Endpoints...

================================================================================

≡ƒôï TESTING API ENDPOINTS
----------------------------------------

≡ƒôï TESTING PANEL ROUTES
----------------------------------------

≡ƒôï TESTING HEALTH/STATUS
----------------------------------------

≡ƒôï TESTING BOT GENERATION
----------------------------------------

≡ƒôï TESTING ANALYSIS
----------------------------------------

≡ƒôï TESTING SECURITY
----------------------------------------

≡ƒôï TESTING CRYPTO
----------------------------------------

≡ƒôï TESTING NETWORK
----------------------------------------

≡ƒôï TESTING UTILITY
----------------------------------------

≡ƒôï TESTING OTHER
----------------------------------------

================================================================================
≡ƒôè COMPREHENSIVE ENDPOINT TEST RESULTS
================================================================================
Γ£à Passed: 269
Γ¥î Failed: 31
≡ƒôê Success Rate: 89.7%
≡ƒôè Total Endpoints: 300

Γ¥î Failed Endpoints:
   GET / - Expected: 200, Got: 302
   GET /irc-bot/custom-features/:featureName - Expected: 200, Got: 500
   GET /irc-bot/feature-templates/:templateName - Expected: 200, Got: 500
   POST /irc-bot/generate-fud-stub - Expected: 200, Got: 500
   POST /mutex/generate - Expected: 200, Got: 500
   POST /beaconism/generate-payload - Expected: 200, Got: 500
   PUT /irc-bot/custom-features/update/:featureName - Expected: 200, Got: 500
   DELETE /irc-bot/custom-features/remove/:featureName - Expected: 200, Got: 500
   DELETE /irc-bot/feature-templates/:templateName - Expected: 200, Got: 500
   DELETE /irc-bot/custom-features/remove/:featureName - Expected: 200, Got: 500
   DELETE /irc-bot/feature-templates/:templateName - Expected: 200, Got: 500
   POST /api/analysis/reverse-engineering - Expected: 200, Got: 500
   POST /beaconism/scan-target - Expected: 200, Got: 500
   GET /implementation-check/modules - Expected: 200, Got: 500
   GET /beaconism/status - Expected: 200, Got: 500
   GET /beaconism/payloads - Expected: 200, Got: 500
   GET /beaconism/targets - Expected: 200, Got: 500
   GET /implementation-check/modules - Expected: 200, Got: 500
   GET /beaconism/status - Expected: 200, Got: 500
   GET /beaconism/payloads - Expected: 200, Got: 500
   GET /beaconism/targets - Expected: 200, Got: 500
   POST /download-file - Expected: 200, Got: 500
   POST /read-local-file - Expected: 200, Got: 500
   POST /mutex/apply - Expected: 200, Got: 500
   POST /hot-patch - Expected: 200, Got: 500
   POST /patch-rollback - Expected: 200, Got: 500
   POST /openssl-management/preset - Expected: 200, Got: 500
   POST /beaconism/deploy - Expected: 200, Got: 500
   POST /red-shells/:id/execute - Expected: 200, Got: 500
   DELETE /red-shells/:id - Expected: 200, Got: 500
   DELETE /red-shells/:id - Expected: 200, Got: 500

ΓÜá∩╕Å  31 endpoint tests failed. Check the details above.

================================================================================
